
> temp_app@0.1.0 build
> prisma generate && next build

node.exe : Environment var
iables loaded from .env
위치 줄:1 문자:1
+ & "C:\Program Files\node
js/node.exe" "C:\Program F
iles\nodejs/node_mo ...
+ ~~~~~~~~~~~~~~~~~~~~~~~~
~~~~~~~~~~~~~~~~~~~~~~~~~~
~~~~~~~~~~~~~~~~~~~
    + CategoryInfo        
      : NotSpecified: (E  
  nvironment variables    
 loaded from .env:Stri    
ng) [], RemoteExcepti    o
n
    + FullyQualifiedError 
   Id : NativeCommandErr  
  or
 
Prisma schema loaded from prisma\schema.prisma
Error: 
EPERM: operation not permi
tted, rename 'C:\?쒖슱3.0\no
de_modules\.prisma\client\
query_engine-windows.dll.n
ode.tmp32292' -> 'C:\?쒖슱3.
0\node_modules\.prisma\cli
ent\query_engine-windows.d
ll.node'


